12:08:53 Looking for cls\telling\telleliste.cls
Compiling cls\telling\Telleliste.cls
